
> @formbricks/js-core@1.0.0 test C:\Users\bhara\FormBricks\formbricks\packages\js-core
> vitest "repro_race"


[1m[46m RUN [49m[22m [36mv3.1.3 [39m[90mC:/Users/bhara/FormBricks/formbricks/packages/js-core[39m

node.exe : 
[90mstderr[2m | src
/lib/common/tests/rep
ro_race.test.ts[2m 
> [22m[2mCommandQue
ue Race Condition 
(Deadlock Repro)[2m 
> [22m[2mrepro: 
track() before 
init() should NOT 
deadlock
At C:\nvm4w\nodejs\pn
pm.ps1:16 char:5
+     & 
"$basedir/node$exe"  
"$basedir/node_module
s/corepack/dist/pnpm.
 ...
+     ~~~~~~~~~~~~~~~
~~~~~~~~~~~~~~~~~~~~~
~~~~~~~~~~~~~~~~~~~~~
~~~~~~~~
    + CategoryInfo   
           : 
NotSpecified: (    
[90mstderr[2m...ld 
N    OT 
deadlock:String) [   
 ], RemoteException
    + 
FullyQualifiedError  
  Id : 
NativeCommandErr    
or
 
[22m[39m≡ƒº▒ 
Formbricks - SDK not 
setup. Pausing queue 
until setup 
completes.

[90mstderr[2m | src
/lib/common/tests/rep
ro_race.test.ts[2m 
> [22m[2mCommandQue
ue Race Condition 
(Deadlock Repro)[2m 
> [22m[2mrepro: 
track() before 
init() should NOT 
deadlock
[22m[39m≡ƒº▒ 
Formbricks - SDK not 
setup. Pausing queue 
until setup 
completes.

 [31mΓ¥»[39m src/lib/common/tests/repro_race.test.ts [2m([22m[2m1 test[22m[2m | [22m[31m1 failed[39m[2m)[22m[32m 37[2mms[22m[39m
[31m   [31m├ù[31m CommandQueue Race Condition (Deadlock Repro)[2m > [22mrepro: track() before init() should NOT deadlock[39m[32m 34[2mms[22m[39m
[31m     ΓåÆ expected "spy" to be called at least once[39m

[31mΓÄ»ΓÄ»ΓÄ»ΓÄ»ΓÄ»Γ
Ä»ΓÄ»[39m[1m[41m 
Failed Tests 1 [49m
[22m[31mΓÄ»ΓÄ»ΓÄ»ΓÄ»
ΓÄ»ΓÄ»ΓÄ»[39m

[41m[1m FAIL 
[22m[49m src/lib/co
mmon/tests/repro_race
.test.ts[2m > 
[22mCommandQueue 
Race Condition 
(Deadlock Repro)[2m 
> [22mrepro: 
track() before 
init() should NOT 
deadlock
[31m[1mAssertionErr
or[22m: expected 
"spy" to be called 
at least once[39m
[36m [2mΓ¥»[22m sr
c/lib/common/tests/re
pro_race.test.ts:[2m
56:25[22m[39m
    [90m 54| [39m  
      [90m// 5. 
Verification[39m
    [90m 55| [39m  
      [90m// Init 
should have run[39m
    [90m 56| [39m  
      [34mexpect[39
m(initSpy)[33m.[39m
[34mtoHaveBeenCalled
[39m()[33m;[39m
    [90m   | [39m  
                     
 [31m^[39m
    [90m 57| [39m  
      [90m// Track 
should have run 
AFTER init[39m
    [90m 58| [39m  
      [34mexpect[39
m(trackSpy)[33m.[39
m[34mtoHaveBeenCalle
d[39m()[33m;[39m

[31m[2mΓÄ»ΓÄ»ΓÄ»ΓÄ»
ΓÄ»ΓÄ»ΓÄ»ΓÄ»ΓÄ»ΓÄ»ΓÄ»
ΓÄ»ΓÄ»ΓÄ»ΓÄ»ΓÄ»ΓÄ»ΓÄ»
ΓÄ»ΓÄ»ΓÄ»ΓÄ»ΓÄ»ΓÄ»[1/
1]ΓÄ»[22m[39m


[2m Test Files [22m [1m[31m1 failed[39m[22m[90m (1)[39m
[2m      Tests [22m [1m[31m1 failed[39m[22m[90m (1)[39m
[2m   Start at [22m 17:42:58
[2m   Duration [22m 2.29s[2m (transform 699ms, setup 153ms, collect 1.04s, tests 37ms, environment 0ms, prepare 392ms)[22m

C:\Users\bhara\FormBricks\formbricks\packages\js-core:
ΓÇëERR_PNPM_RECURSIVE_RUN_FIRST_FAILΓÇë @formbricks/js-core@1.0.0 test: `vitest "repro_race"`
Exit status 1
