
> @formbricks/js-core@1.0.0 test C:\Users\bhara\FormBricks\formbricks\packages\js-core
> vitest "run" "src/lib/common/tests/command-queue.test.ts"


[1m[46m RUN [49m[22m [36mv3.1.3 [39m[90mC:/Users/bhara/FormBricks/formbricks/packages/js-core[39m

[90mstdout[2m | src/lib/common/tests/command-queue.test.ts[2m > [22m[2mCommandQueue[2m > [22m[2mexecutes commands in FIFO order
[22m[39m≡ƒº▒ Formbricks - Waiting for pending updates to complete before executing command

[90mstdout[2m | src/lib/common/tests/command-queue.test.ts[2m > [22m[2mCommandQueue[2m > [22m[2mexecutes commands in FIFO order
[22m[39m≡ƒº▒ Formbricks - Waiting for pending updates to complete before executing command

[90mstdout[2m | src/lib/common/tests/command-queue.test.ts[2m > [22m[2mCommandQueue[2m > [22m[2mexecutes commands in FIFO order
[22m[39m≡ƒº▒ Formbricks - Waiting for pending updates to complete before executing command

node.exe : 
[90mstderr[2m | src
/lib/common/tests/com
mand-queue.test.ts[2
m > [22m[2mCommandQ
ueue[2m > 
[22m[2mskips 
execution if 
checkSetup() fails
At C:\nvm4w\nodejs\pn
pm.ps1:16 char:5
+     & 
"$basedir/node$exe"  
"$basedir/node_module
s/corepack/dist/pnpm.
 ...
+     ~~~~~~~~~~~~~~~
~~~~~~~~~~~~~~~~~~~~~
~~~~~~~~~~~~~~~~~~~~~
~~~~~~~~
    + CategoryInfo   
           : NotSpe  
  cified: ([90mst   
 derr[2m...ckSet    
up() fails:Strin    
g) [], RemoteExc    
eption
    + FullyQualified 
   ErrorId : Native  
  CommandError
 
[22m[39m≡ƒº▒ 
Formbricks - Waiting 
for setup command to 
be added

[90mstdout[2m | src/lib/common/tests/command-queue.test.ts[2m > [22m[2mCommandQueue[2m > [22m[2mexecutes command if checkSetup is false (no check)
[22m[39m≡ƒº▒ Formbricks - Waiting for pending updates to complete before executing command

[90mstdout[2m | src/lib/common/tests/command-queue.test.ts[2m > [22m[2mCommandQueue[2m > [22m[2mlogs errors if a command throws or returns error
[22m[39m≡ƒº▒ Formbricks - Waiting for pending updates to complete before executing command

[90mstdout[2m | src/lib/common/tests/command-queue.test.ts[2m > [22m[2mCommandQueue[2m > [22m[2mresolves wait() after all commands complete
[22m[39m≡ƒº▒ Formbricks - Waiting for pending updates to complete before executing command

[90mstdout[2m | src/lib/common/tests/command-queue.test.ts[2m > [22m[2mCommandQueue[2m > [22m[2mresolves wait() after all commands complete
[22m[39m≡ƒº▒ Formbricks - Waiting for pending updates to complete before executing command

[90mstdout[2m | src/lib/common/tests/command-queue.test.ts[2m > [22m[2mCommandQueue[2m > [22m[2mprocesses UpdateQueue before executing GeneralAction commands
[22m[39m≡ƒº▒ Formbricks - Waiting for pending updates to complete before executing command

[90mstderr[2m | src
/lib/common/tests/com
mand-queue.test.ts[2
m > [22m[2mCommandQ
ueue[2m > 
[22m[2mexecutes 
later setup command 
if initial command 
requires setup
[22m[39m≡ƒº▒ 
Formbricks - Waiting 
for setup command to 
be added

[90mstdout[2m | src/lib/common/tests/command-queue.test.ts[2m > [22m[2mCommandQueue[2m > [22m[2mexecutes later setup command if initial command requires setup
[22m[39m≡ƒº▒ Formbricks - Waiting for pending updates to complete before executing command

[90mstdout[2m | src/lib/common/tests/command-queue.test.ts[2m > [22m[2mCommandQueue[2m > [22m[2mhandles re-entrancy gracefully (recursive run calls)
[22m[39m≡ƒº▒ Formbricks - Waiting for pending updates to complete before executing command

 [31mΓ¥»[39m src/lib/common/tests/command-queue.test.ts [2m([22m[2m9 tests[22m[2m | [22m[31m1 failed[39m[2m)[22m[32m 170[2mms[22m[39m
   [32mΓ£ô[39m CommandQueue[2m > [22mexecutes commands in FIFO order[32m 64[2mms[22m[39m
   [32mΓ£ô[39m CommandQueue[2m > [22mskips execution if checkSetup() fails[32m 2[2mms[22m[39m
   [32mΓ£ô[39m CommandQueue[2m > [22mexecutes command if checkSetup is false (no check)[32m 25[2mms[22m[39m
   [32mΓ£ô[39m CommandQueue[2m > [22mlogs errors if a command throws or returns error[32m 29[2mms[22m[39m
   [32mΓ£ô[39m CommandQueue[2m > [22mresolves wait() after all commands complete[32m 28[2mms[22m[39m
   [32mΓ£ô[39m CommandQueue[2m > [22mprocesses UpdateQueue before executing GeneralAction commands[32m 2[2mms[22m[39m
   [32mΓ£ô[39m CommandQueue[2m > [22mimplements singleton pattern correctly[32m 1[2mms[22m[39m
   [32mΓ£ô[39m CommandQueue[2m > [22mexecutes later setup command if initial command requires setup[32m 2[2mms[22m[39m
[31m   [31m├ù[31m CommandQueue[2m > [22mhandles re-entrancy gracefully (recursive run calls)[39m[32m 14[2mms[22m[39m
[31m     ΓåÆ expected [ 'setup-start', 'track' ] to deeply equal [ 'setup-start', 'setup-end', 'track' ][39m

[31mΓÄ»ΓÄ»ΓÄ»ΓÄ»ΓÄ»Γ
Ä»ΓÄ»[39m[1m[41m 
Failed Tests 1 [49m
[22m[31mΓÄ»ΓÄ»ΓÄ»ΓÄ»
ΓÄ»ΓÄ»ΓÄ»[39m

[41m[1m FAIL 
[22m[49m src/lib/co
mmon/tests/command-qu
eue.test.ts[2m > [2
2mCommandQueue[2m > 
[22mhandles 
re-entrancy 
gracefully 
(recursive run calls)
[31m[1mAssertionErr
or[22m: expected [ 
'setup-start', 
'track' ] to deeply 
equal [ 
'setup-start', 
'setup-end', 'track' 
][39m

[32m- Expected[39m
[31m+ Received[39m

[2m  [[22m
[2m    
"setup-start",[22m
[32m-   
"setup-end",[39m
[2m    "track",[22m
[2m  ][22m

[36m [2mΓ¥»[22m sr
c/lib/common/tests/co
mmand-queue.test.ts:
[2m290:28[22m[39m
    [90m288| [39m  
  [34mexpect[39m(ex
ecutionCount[33m.[3
9msetup)[33m.[39m[
34mtoBe[39m([34m1[
39m)[33m;[39m 
[90m// Should run 
exactly once[39m
    [90m289| [39m  
  [34mexpect[39m(ex
ecutionCount[33m.[3
9mtrack)[33m.[39m[
34mtoBe[39m([34m1[
39m)[33m;[39m 
[90m// Should run 
exactly once[39m
    [90m290| [39m  
  expect(executionOrd
er).toEqual(["setup-s
tart", "setup-end", 
"trackΓÇª
    [90m   | [39m  
                     
    [31m^[39m
    [90m291| [39m  
})[33m;[39m
    [90m292| 
[39m})[33m;[39m

[31m[2mΓÄ»ΓÄ»ΓÄ»ΓÄ»
ΓÄ»ΓÄ»ΓÄ»ΓÄ»ΓÄ»ΓÄ»ΓÄ»
ΓÄ»ΓÄ»ΓÄ»ΓÄ»ΓÄ»ΓÄ»ΓÄ»
ΓÄ»ΓÄ»ΓÄ»ΓÄ»ΓÄ»ΓÄ»[1/
1]ΓÄ»[22m[39m


[2m Test Files [22m [1m[31m1 failed[39m[22m[90m (1)[39m
[2m      Tests [22m [1m[31m1 failed[39m[22m[2m | [22m[1m[32m8 passed[39m[22m[90m (9)[39m
[2m   Start at [22m 10:05:55
[2m   Duration [22m 1.40s[2m (transform 188ms, setup 76ms, collect 308ms, tests 170ms, environment 0ms, prepare 299ms)[22m

C:\Users\bhara\FormBricks\formbricks\packages\js-core:
ΓÇëERR_PNPM_RECURSIVE_RUN_FIRST_FAILΓÇë @formbricks/js-core@1.0.0 test: `vitest "run" "src/lib/common/tests/command-queue.test.ts"`
Exit status 1
