{
  "name": "Embedded data",
  "surveyId": "SV_fixture000000000",
  "defaultLanguageCode": "en-US",
  "languageCodes": [],
  "unknownLanguageCodes": [],
  "questions": {
    "QID1": {
      "qid": "QID1",
      "exportTag": "Q1",
      "type": "TE",
      "selector": "ML",
      "subSelector": null,
      "text": "Hello ${e://Field/firstName}, how was your visit to ${e://Field/Store-Name}?",
      "description": "Hello ${e://Field/firstName}, how was your visit to ${e://Fi",
      "choices": [],
      "answers": [],
      "validation": {
        "forceResponse": "OFF",
        "contentType": null,
        "minChars": null,
        "maxChars": null
      },
      "configuration": {
        "sliderMin": null,
        "sliderMax": null,
        "gridLines": null,
        "numDecimals": null,
        "descriptionOption": "UseText",
        "raw": {
          "QuestionDescriptionOption": "UseText"
        }
      },
      "displayLogic": null,
      "skipLogic": null,
      "randomization": null,
      "translations": {}
    },
    "QID2": {
      "qid": "QID2",
      "exportTag": "Q2",
      "type": "TE",
      "selector": "SL",
      "subSelector": null,
      "text": "You said: ${q://QID1/ChoiceTextEntryValue}. Anything to add? ${loc://something}",
      "description": "You said: ${q://QID1/ChoiceTextEntryValue}. Anything to add?",
      "choices": [],
      "answers": [],
      "validation": {
        "forceResponse": "OFF",
        "contentType": null,
        "minChars": null,
        "maxChars": null
      },
      "configuration": {
        "sliderMin": null,
        "sliderMax": null,
        "gridLines": null,
        "numDecimals": null,
        "descriptionOption": "UseText",
        "raw": {
          "QuestionDescriptionOption": "UseText"
        }
      },
      "displayLogic": null,
      "skipLogic": null,
      "randomization": null,
      "translations": {}
    }
  },
  "blocks": [
    {
      "id": "BL_1",
      "description": "Default Question Block",
      "type": "Default",
      "elements": [
        {
          "kind": "question",
          "qid": "QID1"
        },
        {
          "kind": "question",
          "qid": "QID2"
        }
      ]
    }
  ],
  "flow": [
    {
      "type": "EmbeddedData",
      "fields": [
        "firstName",
        "Store-Name",
        "userId",
        "plan tier"
      ]
    },
    {
      "type": "Block",
      "id": "BL_1"
    },
    {
      "type": "EndSurvey"
    }
  ],
  "options": {
    "backButton": false,
    "progressBar": "None",
    "eosMessage": null,
    "eosRedirectUrl": null,
    "nextButtonLabel": "→",
    "previousButtonLabel": "←",
    "partialData": "+1 week"
  },
  "embeddedDataFields": [
    "firstName",
    "Store-Name",
    "userId",
    "plan tier"
  ],
  "issues": []
}