{
  "document": {
    "name": "Embedded data",
    "type": "link",
    "status": "draft",
    "metadata": {
      "title": {
        "en-US": "Embedded data"
      }
    },
    "defaultLanguage": "en-US",
    "languages": [
      {
        "code": "en-US",
        "default": true,
        "enabled": true
      }
    ],
    "welcomeCard": {
      "enabled": false
    },
    "blocks": [
      {
        "id": "<cuid>",
        "name": "Default Question Block",
        "elements": [
          {
            "id": "Q1",
            "type": "openText",
            "headline": {
              "en-US": "Hello #recall:firstname/fallback:#, how was your visit to #recall:store_name/fallback:#?"
            },
            "required": false,
            "inputType": "text",
            "longAnswer": true,
            "charLimit": {
              "enabled": false
            }
          },
          {
            "id": "Q2",
            "type": "openText",
            "headline": {
              "en-US": "You said: #recall:Q1/fallback:#. Anything to add?"
            },
            "required": false,
            "inputType": "text",
            "longAnswer": false,
            "charLimit": {
              "enabled": false
            }
          }
        ],
        "buttonLabel": {
          "en-US": "→"
        },
        "backButtonLabel": {
          "en-US": "←"
        }
      }
    ],
    "endings": [
      {
        "id": "<cuid>",
        "type": "endScreen",
        "headline": {
          "en-US": "Thanks for your feedback"
        }
      }
    ],
    "hiddenFields": {
      "enabled": true,
      "fieldIds": [
        "firstname",
        "store_name",
        "userid_imported",
        "plan_tier"
      ]
    },
    "variables": []
  },
  "issues": [
    {
      "severity": "info",
      "code": "field_renamed",
      "message": "The field 'firstName' was renamed to 'firstname' to follow the naming rules.",
      "sourceRef": "Embedded Data",
      "vars": {
        "sourceRef": "Embedded Data",
        "from": "firstName",
        "to": "firstname"
      }
    },
    {
      "severity": "info",
      "code": "field_renamed",
      "message": "The field 'Store-Name' was renamed to 'store_name' to follow the naming rules.",
      "sourceRef": "Embedded Data",
      "vars": {
        "sourceRef": "Embedded Data",
        "from": "Store-Name",
        "to": "store_name"
      }
    },
    {
      "severity": "warning",
      "code": "embedded_data_name_refused",
      "message": "The hidden field 'userId' uses a reserved name and was renamed to 'userid_imported'.",
      "sourceRef": "Embedded Data",
      "vars": {
        "sourceRef": "Embedded Data",
        "name": "userId",
        "renamed": "userid_imported"
      }
    },
    {
      "severity": "info",
      "code": "field_renamed",
      "message": "The field 'plan tier' was renamed to 'plan_tier' to follow the naming rules.",
      "sourceRef": "Embedded Data",
      "vars": {
        "sourceRef": "Embedded Data",
        "from": "plan tier",
        "to": "plan_tier"
      }
    },
    {
      "severity": "info",
      "code": "pipe_stripped",
      "message": "The piped text '${loc://something}' has no equivalent and was removed.",
      "path": "blocks.0.elements.1.headline",
      "vars": {
        "token": "${loc://something}"
      }
    }
  ],
  "logicRulesReported": 0
}