{
  "name": "Legacy export",
  "surveyId": "SV_fixture000000000",
  "defaultLanguageCode": "de-DE",
  "languageCodes": [],
  "unknownLanguageCodes": [],
  "questions": {
    "QID1": {
      "qid": "QID1",
      "exportTag": "Q1",
      "type": "MC",
      "selector": "SAVR",
      "subSelector": "TX",
      "text": "Wie geht es Ihnen?",
      "description": "Wie geht es Ihnen?",
      "choices": [
        {
          "id": "1",
          "display": "Gut",
          "textEntry": false
        },
        {
          "id": "2",
          "display": "Schlecht",
          "textEntry": false
        }
      ],
      "answers": [],
      "validation": {
        "forceResponse": "OFF",
        "contentType": null,
        "minChars": null,
        "maxChars": null
      },
      "configuration": {
        "sliderMin": null,
        "sliderMax": null,
        "gridLines": null,
        "numDecimals": null,
        "descriptionOption": "UseText",
        "raw": {
          "QuestionDescriptionOption": "UseText"
        }
      },
      "displayLogic": null,
      "skipLogic": null,
      "randomization": null,
      "translations": {}
    },
    "QID2": {
      "qid": "QID2",
      "exportTag": "Q2",
      "type": "TE",
      "selector": "ML",
      "subSelector": null,
      "text": "Kommentar",
      "description": "Kommentar",
      "choices": [],
      "answers": [],
      "validation": {
        "forceResponse": "OFF",
        "contentType": null,
        "minChars": null,
        "maxChars": null
      },
      "configuration": {
        "sliderMin": null,
        "sliderMax": null,
        "gridLines": null,
        "numDecimals": null,
        "descriptionOption": "UseText",
        "raw": {
          "QuestionDescriptionOption": "UseText"
        }
      },
      "displayLogic": null,
      "skipLogic": null,
      "randomization": null,
      "translations": {}
    }
  },
  "blocks": [
    {
      "id": "BL_1",
      "description": "Standardfrageblock",
      "type": "Default",
      "elements": [
        {
          "kind": "question",
          "qid": "QID1"
        },
        {
          "kind": "question",
          "qid": "QID2"
        }
      ]
    }
  ],
  "flow": [
    {
      "type": "Block",
      "id": "BL_1"
    },
    {
      "type": "Unknown",
      "rawType": "WebService"
    },
    {
      "type": "EndSurvey"
    }
  ],
  "options": {
    "backButton": false,
    "progressBar": "None",
    "eosMessage": null,
    "eosRedirectUrl": null,
    "nextButtonLabel": "→",
    "previousButtonLabel": "←",
    "partialData": "+1 week"
  },
  "embeddedDataFields": [],
  "issues": [
    {
      "severity": "info",
      "code": "unknown_element",
      "message": "Flow element 'WebService' is not known and was skipped.",
      "sourceRef": "Survey Flow",
      "vars": {
        "sourceRef": "Survey Flow",
        "type": "WebService"
      }
    },
    {
      "severity": "info",
      "code": "unknown_element",
      "message": "Survey element 'XYZ' is not known and was skipped.",
      "vars": {
        "type": "XYZ"
      }
    }
  ]
}