{
  "name": "Produktfeedback",
  "surveyId": "SV_fixture000000000",
  "defaultLanguageCode": "en-US",
  "languageCodes": [
    "de-DE"
  ],
  "unknownLanguageCodes": [],
  "questions": {
    "QID1": {
      "qid": "QID1",
      "exportTag": "Q1",
      "type": "MC",
      "selector": "SAVR",
      "subSelector": "TX",
      "text": "How satisfied are you?",
      "description": "How satisfied are you?",
      "choices": [
        {
          "id": "1",
          "display": "Very satisfied",
          "textEntry": false
        },
        {
          "id": "2",
          "display": "Satisfied",
          "textEntry": false
        },
        {
          "id": "3",
          "display": "Unsatisfied",
          "textEntry": false
        }
      ],
      "answers": [],
      "validation": {
        "forceResponse": "ON",
        "contentType": null,
        "minChars": null,
        "maxChars": null
      },
      "configuration": {
        "sliderMin": null,
        "sliderMax": null,
        "gridLines": null,
        "numDecimals": null,
        "descriptionOption": "UseText",
        "raw": {
          "QuestionDescriptionOption": "UseText"
        }
      },
      "displayLogic": null,
      "skipLogic": null,
      "randomization": null,
      "translations": {
        "de-DE": {
          "text": "Wie zufrieden sind Sie?",
          "choices": {
            "1": "Sehr zufrieden",
            "2": "Zufrieden",
            "3": "Unzufrieden"
          }
        }
      }
    },
    "QID2": {
      "qid": "QID2",
      "exportTag": "Q2",
      "type": "TE",
      "selector": "ML",
      "subSelector": null,
      "text": "Anything else?",
      "description": "Anything else?",
      "choices": [],
      "answers": [],
      "validation": {
        "forceResponse": "OFF",
        "contentType": null,
        "minChars": null,
        "maxChars": null
      },
      "configuration": {
        "sliderMin": null,
        "sliderMax": null,
        "gridLines": null,
        "numDecimals": null,
        "descriptionOption": "UseText",
        "raw": {
          "QuestionDescriptionOption": "UseText"
        }
      },
      "displayLogic": null,
      "skipLogic": null,
      "randomization": null,
      "translations": {
        "de-DE": {
          "text": "Noch etwas?"
        }
      }
    },
    "QID3": {
      "qid": "QID3",
      "exportTag": "Q3",
      "type": "Matrix",
      "selector": "Likert",
      "subSelector": "SingleAnswer",
      "text": "Rate these statements",
      "description": "Rate these statements",
      "choices": [
        {
          "id": "1",
          "display": "Easy to use",
          "textEntry": false
        },
        {
          "id": "2",
          "display": "Good value",
          "textEntry": false
        }
      ],
      "answers": [
        {
          "id": "1",
          "display": "Agree",
          "textEntry": false
        },
        {
          "id": "2",
          "display": "Neutral",
          "textEntry": false
        },
        {
          "id": "3",
          "display": "Disagree",
          "textEntry": false
        }
      ],
      "validation": {
        "forceResponse": "OFF",
        "contentType": null,
        "minChars": null,
        "maxChars": null
      },
      "configuration": {
        "sliderMin": null,
        "sliderMax": null,
        "gridLines": null,
        "numDecimals": null,
        "descriptionOption": "UseText",
        "raw": {
          "QuestionDescriptionOption": "UseText"
        }
      },
      "displayLogic": null,
      "skipLogic": null,
      "randomization": null,
      "translations": {
        "de-DE": {
          "text": "Bewerten Sie diese Aussagen",
          "choices": {
            "1": "Einfach zu bedienen",
            "2": "Gutes Preis-Leistungs-Verhältnis"
          },
          "answers": {
            "1": "Stimme zu",
            "2": "Neutral",
            "3": "Stimme nicht zu"
          }
        }
      }
    }
  },
  "blocks": [
    {
      "id": "BL_1",
      "description": "Feedback",
      "type": "Default",
      "elements": [
        {
          "kind": "question",
          "qid": "QID1"
        },
        {
          "kind": "question",
          "qid": "QID2"
        },
        {
          "kind": "question",
          "qid": "QID3"
        }
      ]
    }
  ],
  "flow": [
    {
      "type": "Block",
      "id": "BL_1"
    },
    {
      "type": "EndSurvey"
    }
  ],
  "options": {
    "backButton": false,
    "progressBar": "None",
    "eosMessage": "Danke! / Thank you!",
    "eosRedirectUrl": null,
    "nextButtonLabel": "→",
    "previousButtonLabel": "←",
    "partialData": "+1 week"
  },
  "embeddedDataFields": [],
  "issues": []
}