{
  "name": "Customer feedback",
  "surveyId": "SV_fixture000000000",
  "defaultLanguageCode": "en-US",
  "languageCodes": [],
  "unknownLanguageCodes": [],
  "questions": {
    "QID1": {
      "qid": "QID1",
      "exportTag": "Q1",
      "type": "MC",
      "selector": "SAVR",
      "subSelector": "TX",
      "text": "How did you hear about us?",
      "description": "How did you hear about us?",
      "choices": [
        {
          "id": "1",
          "display": "Search engine",
          "textEntry": false
        },
        {
          "id": "2",
          "display": "A friend",
          "textEntry": false
        },
        {
          "id": "3",
          "display": "Other",
          "textEntry": true
        }
      ],
      "answers": [],
      "validation": {
        "forceResponse": "ON",
        "contentType": null,
        "minChars": null,
        "maxChars": null
      },
      "configuration": {
        "sliderMin": null,
        "sliderMax": null,
        "gridLines": null,
        "numDecimals": null,
        "descriptionOption": "UseText",
        "raw": {
          "QuestionDescriptionOption": "UseText"
        }
      },
      "displayLogic": null,
      "skipLogic": null,
      "randomization": null,
      "translations": {}
    },
    "QID2": {
      "qid": "QID2",
      "exportTag": "Q2",
      "type": "MC",
      "selector": "NPS",
      "subSelector": null,
      "text": "How likely are you to recommend us to a friend?",
      "description": "How likely are you to recommend us to a friend?",
      "choices": [
        {
          "id": "1",
          "display": "0",
          "textEntry": false
        },
        {
          "id": "2",
          "display": "1",
          "textEntry": false
        },
        {
          "id": "3",
          "display": "2",
          "textEntry": false
        },
        {
          "id": "4",
          "display": "3",
          "textEntry": false
        },
        {
          "id": "5",
          "display": "4",
          "textEntry": false
        },
        {
          "id": "6",
          "display": "5",
          "textEntry": false
        },
        {
          "id": "7",
          "display": "6",
          "textEntry": false
        },
        {
          "id": "8",
          "display": "7",
          "textEntry": false
        },
        {
          "id": "9",
          "display": "8",
          "textEntry": false
        },
        {
          "id": "10",
          "display": "9",
          "textEntry": false
        },
        {
          "id": "11",
          "display": "10",
          "textEntry": false
        }
      ],
      "answers": [],
      "validation": {
        "forceResponse": "ON",
        "contentType": null,
        "minChars": null,
        "maxChars": null
      },
      "configuration": {
        "sliderMin": null,
        "sliderMax": null,
        "gridLines": null,
        "numDecimals": null,
        "descriptionOption": "UseText",
        "raw": {
          "QuestionDescriptionOption": "UseText"
        }
      },
      "displayLogic": null,
      "skipLogic": null,
      "randomization": null,
      "translations": {}
    },
    "QID3": {
      "qid": "QID3",
      "exportTag": "Q3",
      "type": "TE",
      "selector": "ML",
      "subSelector": null,
      "text": "What should we <strong>improve</strong>?",
      "description": "What should we improve?",
      "choices": [],
      "answers": [],
      "validation": {
        "forceResponse": "OFF",
        "contentType": null,
        "minChars": null,
        "maxChars": null
      },
      "configuration": {
        "sliderMin": null,
        "sliderMax": null,
        "gridLines": null,
        "numDecimals": null,
        "descriptionOption": "UseText",
        "raw": {
          "QuestionDescriptionOption": "UseText"
        }
      },
      "displayLogic": null,
      "skipLogic": null,
      "randomization": null,
      "translations": {}
    },
    "QID4": {
      "qid": "QID4",
      "exportTag": "Q4",
      "type": "TE",
      "selector": "SL",
      "subSelector": null,
      "text": "Your email",
      "description": "Your email",
      "choices": [],
      "answers": [],
      "validation": {
        "forceResponse": "REQUEST",
        "contentType": "ValidEmail",
        "minChars": null,
        "maxChars": null
      },
      "configuration": {
        "sliderMin": null,
        "sliderMax": null,
        "gridLines": null,
        "numDecimals": null,
        "descriptionOption": "UseText",
        "raw": {
          "QuestionDescriptionOption": "UseText"
        }
      },
      "displayLogic": null,
      "skipLogic": null,
      "randomization": null,
      "translations": {}
    },
    "QID5": {
      "qid": "QID5",
      "exportTag": "Q5",
      "type": "MC",
      "selector": "MAVR",
      "subSelector": "TX",
      "text": "Which features do you use?",
      "description": "Which features do you use?",
      "choices": [
        {
          "id": "1",
          "display": "Surveys",
          "textEntry": false
        },
        {
          "id": "2",
          "display": "Contacts",
          "textEntry": false
        },
        {
          "id": "3",
          "display": "Integrations",
          "textEntry": false
        }
      ],
      "answers": [],
      "validation": {
        "forceResponse": "OFF",
        "contentType": null,
        "minChars": null,
        "maxChars": null
      },
      "configuration": {
        "sliderMin": null,
        "sliderMax": null,
        "gridLines": null,
        "numDecimals": null,
        "descriptionOption": "UseText",
        "raw": {
          "QuestionDescriptionOption": "UseText"
        }
      },
      "displayLogic": null,
      "skipLogic": null,
      "randomization": {
        "type": "All",
        "raw": {
          "Type": "All",
          "Advanced": null,
          "TotalRandSubset": ""
        }
      },
      "translations": {}
    }
  },
  "blocks": [
    {
      "id": "BL_default",
      "description": "Default Question Block",
      "type": "Default",
      "elements": [
        {
          "kind": "question",
          "qid": "QID1"
        },
        {
          "kind": "question",
          "qid": "QID2"
        },
        {
          "kind": "question",
          "qid": "QID3"
        },
        {
          "kind": "question",
          "qid": "QID4"
        },
        {
          "kind": "question",
          "qid": "QID5"
        }
      ]
    }
  ],
  "flow": [
    {
      "type": "Block",
      "id": "BL_default"
    },
    {
      "type": "EndSurvey"
    }
  ],
  "options": {
    "backButton": false,
    "progressBar": "None",
    "eosMessage": "Thank you for your feedback!",
    "eosRedirectUrl": null,
    "nextButtonLabel": "→",
    "previousButtonLabel": "←",
    "partialData": "+1 week"
  },
  "embeddedDataFields": [],
  "issues": []
}